// Jest Snapshot v1, https://goo.gl/fbAQLP

exports[`renders Checkout UI as expected 1`] = `
<div
  id="checkout"
>
  <h1>
    Checkout
  </h1>
  <p>
    <i>
      Do not refresh the page.
    </i>
  </p>
  <section
    className="checkout-flex"
  >
    <div
      className="checkout-flex-2"
    >
      <h2>
        Step 1 - Shipping Address
      </h2>
      <form
        className="form-flex"
      >
        <label
          htmlFor="name"
        >
          Name
        </label>
        <input
          id="name"
          name="name"
          onChange={[Function]}
          required={true}
          type="text"
        />
        <label
          htmlFor="address"
        >
          Address
        </label>
        <input
          id="address"
          name="address"
          onChange={[Function]}
          required={true}
          type="text"
        />
        <label
          htmlFor="city"
        >
          City
        </label>
        <input
          id="city"
          name="city"
          onChange={[Function]}
          required={true}
          type="text"
        />
        <label
          htmlFor="state"
        >
          State
        </label>
        <input
          id="state"
          name="state"
          onChange={[Function]}
          required={true}
          type="text"
        />
        <label
          htmlFor="zipcode"
        >
          Zipcode
        </label>
        <input
          id="zipcode"
          name="zipcode"
          onChange={[Function]}
          required={true}
          type="text"
        />
      </form>
      <label
        id="verified-address"
      >
        <input
          onClick={[Function]}
          type="checkbox"
        />
        The address above is correct.
      </label>
      <h2>
        Step 2 - Payment Method
      </h2>
      <form
        className="form-flex"
      >
        <label
          htmlFor="name"
        >
          Name
        </label>
        <input
          id="name"
          name="name"
          onChange={[Function]}
          required={true}
          type="text"
        />
        <label
          htmlFor="card-number"
        >
          Card Number
        </label>
        <input
          id="card-number"
          name="card-number"
          onChange={[Function]}
          required={true}
          type="text"
        />
        <label
          htmlFor="exp-date"
        >
          Expiration Date
        </label>
        <input
          id="exp-date"
          name="exp-date"
          onChange={[Function]}
          placeholder="mm/yy"
          required={true}
          type="text"
        />
        <label
          htmlFor="cvc"
        >
          CVC
        </label>
        <input
          id="cvc"
          name="cvc"
          onChange={[Function]}
          required={true}
          type="text"
        />
      </form>
      <h2>
        Step 3 - Review Items
      </h2>
      <div
        id="checkout-step-3-flex"
      >
        <section
          id="checkout-step-3-flex-2"
        />
        <section
          id="checkout-step-3-flex-1"
        >
          <h3>
            Delivery options
          </h3>
          <p>
            Today (2 hrs)
          </p>
          <label>
            $10
          </label>
          <input
            name="option"
            onChange={[Function]}
            type="radio"
            value={10}
          />
          <p>
            Tomorrow
          </p>
          <label>
            $5
          </label>
          <input
            name="option"
            onChange={[Function]}
            type="radio"
            value={5}
          />
        </section>
      </div>
    </div>
    <div
      className="checkout-flex-1"
    >
      <h2>
        Order Summary
      </h2>
      <div
        id="order-summary-flex"
      >
        <p
          className="order-summary-flex-1"
        >
          Items
        </p>
        <p
          className="order-summary-flex-1"
        >
          $
        </p>
      </div>
      <div
        id="order-summary-flex"
      >
        <p
          className="order-summary-flex-1"
        >
          Shipping
        </p>
        <p
          className="order-summary-flex-1"
        >
          $
          10
        </p>
      </div>
      <hr />
      <div
        id="order-summary-flex"
      >
        <p
          className="order-summary-flex-1"
        >
          <strong>
            Order Total
          </strong>
        </p>
        <p
          className="order-summary-flex-1"
        >
          <strong>
            $
            10
          </strong>
        </p>
      </div>
      <button
        onClick={[Function]}
      >
        Checkout
      </button>
    </div>
  </section>
</div>
`;
